------------------------------------------------------------
TimeQuest Timing Analyzer Summary
------------------------------------------------------------

Type  : Slow 1200mV 85C Model Setup 'clk_125M_0deg'
Slack : 0.181
TNS   : 0.000

Type  : Slow 1200mV 85C Model Setup 'rgmii_125_tx_clk'
Slack : 0.567
TNS   : 0.000

Type  : Slow 1200mV 85C Model Setup 'rgmii_rx_125M_clk'
Slack : 0.965
TNS   : 0.000

Type  : Slow 1200mV 85C Model Setup 'clk'
Slack : 1.708
TNS   : 0.000

Type  : Slow 1200mV 85C Model Setup 'clk_2'
Slack : 2.625
TNS   : 0.000

Type  : Slow 1200mV 85C Model Setup 'rgmii_25_tx_clk'
Slack : 8.567
TNS   : 0.000

Type  : Slow 1200mV 85C Model Setup 'rgmii_rx_25M_clk'
Slack : 8.965
TNS   : 0.000

Type  : Slow 1200mV 85C Model Setup 'CLOCK_50'
Slack : 15.599
TNS   : 0.000

Type  : Slow 1200mV 85C Model Setup 'clk_25M_0deg'
Slack : 16.181
TNS   : 0.000

Type  : Slow 1200mV 85C Model Setup 'altera_reserved_tck'
Slack : 42.935
TNS   : 0.000

Type  : Slow 1200mV 85C Model Hold 'rgmii_rx_125M_clk'
Slack : 0.303
TNS   : 0.000

Type  : Slow 1200mV 85C Model Hold 'rgmii_rx_25M_clk'
Slack : 0.303
TNS   : 0.000

Type  : Slow 1200mV 85C Model Hold 'clk_2'
Slack : 0.322
TNS   : 0.000

Type  : Slow 1200mV 85C Model Hold 'clk'
Slack : 0.340
TNS   : 0.000

Type  : Slow 1200mV 85C Model Hold 'clk_125M_0deg'
Slack : 0.357
TNS   : 0.000

Type  : Slow 1200mV 85C Model Hold 'clk_25M_0deg'
Slack : 0.357
TNS   : 0.000

Type  : Slow 1200mV 85C Model Hold 'altera_reserved_tck'
Slack : 0.403
TNS   : 0.000

Type  : Slow 1200mV 85C Model Hold 'CLOCK_50'
Slack : 0.409
TNS   : 0.000

Type  : Slow 1200mV 85C Model Hold 'rgmii_125_tx_clk'
Slack : 0.566
TNS   : 0.000

Type  : Slow 1200mV 85C Model Hold 'rgmii_25_tx_clk'
Slack : 8.566
TNS   : 0.000

Type  : Slow 1200mV 85C Model Recovery 'clk_125M_0deg'
Slack : 3.791
TNS   : 0.000

Type  : Slow 1200mV 85C Model Recovery 'rgmii_rx_125M_clk'
Slack : 3.989
TNS   : 0.000

Type  : Slow 1200mV 85C Model Recovery 'clk'
Slack : 5.958
TNS   : 0.000

Type  : Slow 1200mV 85C Model Recovery 'clk_2'
Slack : 12.164
TNS   : 0.000

Type  : Slow 1200mV 85C Model Recovery 'clk_25M_0deg'
Slack : 35.791
TNS   : 0.000

Type  : Slow 1200mV 85C Model Recovery 'rgmii_rx_25M_clk'
Slack : 35.989
TNS   : 0.000

Type  : Slow 1200mV 85C Model Recovery 'altera_reserved_tck'
Slack : 48.296
TNS   : 0.000

Type  : Slow 1200mV 85C Model Removal 'altera_reserved_tck'
Slack : 1.151
TNS   : 0.000

Type  : Slow 1200mV 85C Model Removal 'clk_125M_0deg'
Slack : 2.393
TNS   : 0.000

Type  : Slow 1200mV 85C Model Removal 'clk_25M_0deg'
Slack : 2.393
TNS   : 0.000

Type  : Slow 1200mV 85C Model Removal 'clk'
Slack : 2.437
TNS   : 0.000

Type  : Slow 1200mV 85C Model Removal 'rgmii_rx_125M_clk'
Slack : 2.525
TNS   : 0.000

Type  : Slow 1200mV 85C Model Removal 'rgmii_rx_25M_clk'
Slack : 2.525
TNS   : 0.000

Type  : Slow 1200mV 85C Model Removal 'clk_2'
Slack : 3.210
TNS   : 0.000

Type  : Slow 1200mV 85C Model Minimum Pulse Width 'clk_125M_0deg'
Slack : 3.621
TNS   : 0.000

Type  : Slow 1200mV 85C Model Minimum Pulse Width 'rgmii_rx_125M_clk'
Slack : 3.635
TNS   : 0.000

Type  : Slow 1200mV 85C Model Minimum Pulse Width 'rgmii_125_tx_clk'
Slack : 3.790
TNS   : 0.000

Type  : Slow 1200mV 85C Model Minimum Pulse Width 'clk'
Slack : 4.708
TNS   : 0.000

Type  : Slow 1200mV 85C Model Minimum Pulse Width 'CLOCK_50'
Slack : 9.683
TNS   : 0.000

Type  : Slow 1200mV 85C Model Minimum Pulse Width 'clk_2'
Slack : 9.707
TNS   : 0.000

Type  : Slow 1200mV 85C Model Minimum Pulse Width 'clk_25M_0deg'
Slack : 19.621
TNS   : 0.000

Type  : Slow 1200mV 85C Model Minimum Pulse Width 'rgmii_rx_25M_clk'
Slack : 19.635
TNS   : 0.000

Type  : Slow 1200mV 85C Model Minimum Pulse Width 'rgmii_25_tx_clk'
Slack : 35.790
TNS   : 0.000

Type  : Slow 1200mV 85C Model Minimum Pulse Width 'altera_reserved_tck'
Slack : 49.570
TNS   : 0.000

Type  : Slow 1200mV 0C Model Setup 'clk_125M_0deg'
Slack : 0.539
TNS   : 0.000

Type  : Slow 1200mV 0C Model Setup 'rgmii_125_tx_clk'
Slack : 0.612
TNS   : 0.000

Type  : Slow 1200mV 0C Model Setup 'rgmii_rx_125M_clk'
Slack : 1.096
TNS   : 0.000

Type  : Slow 1200mV 0C Model Setup 'clk'
Slack : 2.439
TNS   : 0.000

Type  : Slow 1200mV 0C Model Setup 'clk_2'
Slack : 3.235
TNS   : 0.000

Type  : Slow 1200mV 0C Model Setup 'rgmii_25_tx_clk'
Slack : 8.612
TNS   : 0.000

Type  : Slow 1200mV 0C Model Setup 'rgmii_rx_25M_clk'
Slack : 9.096
TNS   : 0.000

Type  : Slow 1200mV 0C Model Setup 'CLOCK_50'
Slack : 15.996
TNS   : 0.000

Type  : Slow 1200mV 0C Model Setup 'clk_25M_0deg'
Slack : 16.539
TNS   : 0.000

Type  : Slow 1200mV 0C Model Setup 'altera_reserved_tck'
Slack : 43.566
TNS   : 0.000

Type  : Slow 1200mV 0C Model Hold 'rgmii_rx_125M_clk'
Slack : 0.308
TNS   : 0.000

Type  : Slow 1200mV 0C Model Hold 'rgmii_rx_25M_clk'
Slack : 0.308
TNS   : 0.000

Type  : Slow 1200mV 0C Model Hold 'clk_2'
Slack : 0.332
TNS   : 0.000

Type  : Slow 1200mV 0C Model Hold 'clk'
Slack : 0.338
TNS   : 0.000

Type  : Slow 1200mV 0C Model Hold 'clk_125M_0deg'
Slack : 0.338
TNS   : 0.000

Type  : Slow 1200mV 0C Model Hold 'clk_25M_0deg'
Slack : 0.338
TNS   : 0.000

Type  : Slow 1200mV 0C Model Hold 'altera_reserved_tck'
Slack : 0.354
TNS   : 0.000

Type  : Slow 1200mV 0C Model Hold 'CLOCK_50'
Slack : 0.366
TNS   : 0.000

Type  : Slow 1200mV 0C Model Hold 'rgmii_125_tx_clk'
Slack : 0.589
TNS   : 0.000

Type  : Slow 1200mV 0C Model Hold 'rgmii_25_tx_clk'
Slack : 8.589
TNS   : 0.000

Type  : Slow 1200mV 0C Model Recovery 'clk_125M_0deg'
Slack : 4.194
TNS   : 0.000

Type  : Slow 1200mV 0C Model Recovery 'rgmii_rx_125M_clk'
Slack : 4.381
TNS   : 0.000

Type  : Slow 1200mV 0C Model Recovery 'clk'
Slack : 6.349
TNS   : 0.000

Type  : Slow 1200mV 0C Model Recovery 'clk_2'
Slack : 12.913
TNS   : 0.000

Type  : Slow 1200mV 0C Model Recovery 'clk_25M_0deg'
Slack : 36.194
TNS   : 0.000

Type  : Slow 1200mV 0C Model Recovery 'rgmii_rx_25M_clk'
Slack : 36.381
TNS   : 0.000

Type  : Slow 1200mV 0C Model Recovery 'altera_reserved_tck'
Slack : 48.544
TNS   : 0.000

Type  : Slow 1200mV 0C Model Removal 'altera_reserved_tck'
Slack : 1.049
TNS   : 0.000

Type  : Slow 1200mV 0C Model Removal 'clk_125M_0deg'
Slack : 2.133
TNS   : 0.000

Type  : Slow 1200mV 0C Model Removal 'clk_25M_0deg'
Slack : 2.133
TNS   : 0.000

Type  : Slow 1200mV 0C Model Removal 'clk'
Slack : 2.170
TNS   : 0.000

Type  : Slow 1200mV 0C Model Removal 'rgmii_rx_125M_clk'
Slack : 2.235
TNS   : 0.000

Type  : Slow 1200mV 0C Model Removal 'rgmii_rx_25M_clk'
Slack : 2.235
TNS   : 0.000

Type  : Slow 1200mV 0C Model Removal 'clk_2'
Slack : 2.873
TNS   : 0.000

Type  : Slow 1200mV 0C Model Minimum Pulse Width 'clk_125M_0deg'
Slack : 3.581
TNS   : 0.000

Type  : Slow 1200mV 0C Model Minimum Pulse Width 'rgmii_rx_125M_clk'
Slack : 3.650
TNS   : 0.000

Type  : Slow 1200mV 0C Model Minimum Pulse Width 'rgmii_125_tx_clk'
Slack : 3.790
TNS   : 0.000

Type  : Slow 1200mV 0C Model Minimum Pulse Width 'clk'
Slack : 4.691
TNS   : 0.000

Type  : Slow 1200mV 0C Model Minimum Pulse Width 'CLOCK_50'
Slack : 9.689
TNS   : 0.000

Type  : Slow 1200mV 0C Model Minimum Pulse Width 'clk_2'
Slack : 9.693
TNS   : 0.000

Type  : Slow 1200mV 0C Model Minimum Pulse Width 'clk_25M_0deg'
Slack : 19.581
TNS   : 0.000

Type  : Slow 1200mV 0C Model Minimum Pulse Width 'rgmii_rx_25M_clk'
Slack : 19.650
TNS   : 0.000

Type  : Slow 1200mV 0C Model Minimum Pulse Width 'rgmii_25_tx_clk'
Slack : 35.790
TNS   : 0.000

Type  : Slow 1200mV 0C Model Minimum Pulse Width 'altera_reserved_tck'
Slack : 49.499
TNS   : 0.000

Type  : Fast 1200mV 0C Model Setup 'rgmii_125_tx_clk'
Slack : 0.705
TNS   : 0.000

Type  : Fast 1200mV 0C Model Setup 'rgmii_rx_125M_clk'
Slack : 0.931
TNS   : 0.000

Type  : Fast 1200mV 0C Model Setup 'clk_125M_0deg'
Slack : 2.078
TNS   : 0.000

Type  : Fast 1200mV 0C Model Setup 'clk'
Slack : 5.906
TNS   : 0.000

Type  : Fast 1200mV 0C Model Setup 'clk_2'
Slack : 6.330
TNS   : 0.000

Type  : Fast 1200mV 0C Model Setup 'rgmii_25_tx_clk'
Slack : 8.705
TNS   : 0.000

Type  : Fast 1200mV 0C Model Setup 'rgmii_rx_25M_clk'
Slack : 8.931
TNS   : 0.000

Type  : Fast 1200mV 0C Model Setup 'CLOCK_50'
Slack : 17.833
TNS   : 0.000

Type  : Fast 1200mV 0C Model Setup 'clk_25M_0deg'
Slack : 18.078
TNS   : 0.000

Type  : Fast 1200mV 0C Model Setup 'altera_reserved_tck'
Slack : 46.666
TNS   : 0.000

Type  : Fast 1200mV 0C Model Hold 'rgmii_rx_125M_clk'
Slack : 0.119
TNS   : 0.000

Type  : Fast 1200mV 0C Model Hold 'rgmii_rx_25M_clk'
Slack : 0.119
TNS   : 0.000

Type  : Fast 1200mV 0C Model Hold 'clk_2'
Slack : 0.125
TNS   : 0.000

Type  : Fast 1200mV 0C Model Hold 'clk'
Slack : 0.133
TNS   : 0.000

Type  : Fast 1200mV 0C Model Hold 'clk_125M_0deg'
Slack : 0.139
TNS   : 0.000

Type  : Fast 1200mV 0C Model Hold 'clk_25M_0deg'
Slack : 0.139
TNS   : 0.000

Type  : Fast 1200mV 0C Model Hold 'altera_reserved_tck'
Slack : 0.181
TNS   : 0.000

Type  : Fast 1200mV 0C Model Hold 'CLOCK_50'
Slack : 0.190
TNS   : 0.000

Type  : Fast 1200mV 0C Model Hold 'rgmii_125_tx_clk'
Slack : 0.797
TNS   : 0.000

Type  : Fast 1200mV 0C Model Hold 'rgmii_25_tx_clk'
Slack : 8.797
TNS   : 0.000

Type  : Fast 1200mV 0C Model Recovery 'clk_125M_0deg'
Slack : 5.815
TNS   : 0.000

Type  : Fast 1200mV 0C Model Recovery 'rgmii_rx_125M_clk'
Slack : 5.870
TNS   : 0.000

Type  : Fast 1200mV 0C Model Recovery 'clk'
Slack : 7.849
TNS   : 0.000

Type  : Fast 1200mV 0C Model Recovery 'clk_2'
Slack : 15.795
TNS   : 0.000

Type  : Fast 1200mV 0C Model Recovery 'clk_25M_0deg'
Slack : 37.815
TNS   : 0.000

Type  : Fast 1200mV 0C Model Recovery 'rgmii_rx_25M_clk'
Slack : 37.870
TNS   : 0.000

Type  : Fast 1200mV 0C Model Recovery 'altera_reserved_tck'
Slack : 49.372
TNS   : 0.000

Type  : Fast 1200mV 0C Model Removal 'altera_reserved_tck'
Slack : 0.549
TNS   : 0.000

Type  : Fast 1200mV 0C Model Removal 'clk_125M_0deg'
Slack : 1.276
TNS   : 0.000

Type  : Fast 1200mV 0C Model Removal 'clk_25M_0deg'
Slack : 1.276
TNS   : 0.000

Type  : Fast 1200mV 0C Model Removal 'clk'
Slack : 1.305
TNS   : 0.000

Type  : Fast 1200mV 0C Model Removal 'rgmii_rx_125M_clk'
Slack : 1.336
TNS   : 0.000

Type  : Fast 1200mV 0C Model Removal 'rgmii_rx_25M_clk'
Slack : 1.336
TNS   : 0.000

Type  : Fast 1200mV 0C Model Removal 'clk_2'
Slack : 1.676
TNS   : 0.000

Type  : Fast 1200mV 0C Model Minimum Pulse Width 'rgmii_rx_125M_clk'
Slack : 3.378
TNS   : 0.000

Type  : Fast 1200mV 0C Model Minimum Pulse Width 'clk_125M_0deg'
Slack : 3.716
TNS   : 0.000

Type  : Fast 1200mV 0C Model Minimum Pulse Width 'rgmii_125_tx_clk'
Slack : 4.000
TNS   : 0.000

Type  : Fast 1200mV 0C Model Minimum Pulse Width 'clk'
Slack : 4.751
TNS   : 0.000

Type  : Fast 1200mV 0C Model Minimum Pulse Width 'CLOCK_50'
Slack : 9.266
TNS   : 0.000

Type  : Fast 1200mV 0C Model Minimum Pulse Width 'clk_2'
Slack : 9.751
TNS   : 0.000

Type  : Fast 1200mV 0C Model Minimum Pulse Width 'rgmii_rx_25M_clk'
Slack : 19.378
TNS   : 0.000

Type  : Fast 1200mV 0C Model Minimum Pulse Width 'clk_25M_0deg'
Slack : 19.716
TNS   : 0.000

Type  : Fast 1200mV 0C Model Minimum Pulse Width 'rgmii_25_tx_clk'
Slack : 36.000
TNS   : 0.000

Type  : Fast 1200mV 0C Model Minimum Pulse Width 'altera_reserved_tck'
Slack : 49.454
TNS   : 0.000

------------------------------------------------------------
