------------------------------------------------------------
TimeQuest Timing Analyzer Summary
------------------------------------------------------------

Type  : Slow 1200mV 85C Model Setup 'clk_125M_0deg'
Slack : 0.299
TNS   : 0.000

Type  : Slow 1200mV 85C Model Setup 'rgmii_125_tx_clk'
Slack : 0.569
TNS   : 0.000

Type  : Slow 1200mV 85C Model Setup 'rgmii_rx_125M_clk'
Slack : 0.962
TNS   : 0.000

Type  : Slow 1200mV 85C Model Setup 'clk'
Slack : 1.874
TNS   : 0.000

Type  : Slow 1200mV 85C Model Setup 'ad_clk'
Slack : 2.475
TNS   : 0.000

Type  : Slow 1200mV 85C Model Setup 'clk_2'
Slack : 3.861
TNS   : 0.000

Type  : Slow 1200mV 85C Model Setup 'da_clk'
Slack : 8.374
TNS   : 0.000

Type  : Slow 1200mV 85C Model Setup 'rgmii_25_tx_clk'
Slack : 8.569
TNS   : 0.000

Type  : Slow 1200mV 85C Model Setup 'rgmii_rx_25M_clk'
Slack : 8.962
TNS   : 0.000

Type  : Slow 1200mV 85C Model Setup 'CLOCK_50'
Slack : 15.561
TNS   : 0.000

Type  : Slow 1200mV 85C Model Setup 'clk_25M_0deg'
Slack : 16.299
TNS   : 0.000

Type  : Slow 1200mV 85C Model Setup 'altera_reserved_tck'
Slack : 43.260
TNS   : 0.000

Type  : Slow 1200mV 85C Model Hold 'rgmii_rx_125M_clk'
Slack : 0.275
TNS   : 0.000

Type  : Slow 1200mV 85C Model Hold 'rgmii_rx_25M_clk'
Slack : 0.275
TNS   : 0.000

Type  : Slow 1200mV 85C Model Hold 'da_clk'
Slack : 0.277
TNS   : 0.000

Type  : Slow 1200mV 85C Model Hold 'clk_2'
Slack : 0.281
TNS   : 0.000

Type  : Slow 1200mV 85C Model Hold 'clk'
Slack : 0.293
TNS   : 0.000

Type  : Slow 1200mV 85C Model Hold 'clk_125M_0deg'
Slack : 0.351
TNS   : 0.000

Type  : Slow 1200mV 85C Model Hold 'clk_25M_0deg'
Slack : 0.351
TNS   : 0.000

Type  : Slow 1200mV 85C Model Hold 'ad_clk'
Slack : 0.358
TNS   : 0.000

Type  : Slow 1200mV 85C Model Hold 'altera_reserved_tck'
Slack : 0.403
TNS   : 0.000

Type  : Slow 1200mV 85C Model Hold 'CLOCK_50'
Slack : 0.409
TNS   : 0.000

Type  : Slow 1200mV 85C Model Hold 'rgmii_125_tx_clk'
Slack : 0.605
TNS   : 0.000

Type  : Slow 1200mV 85C Model Hold 'rgmii_25_tx_clk'
Slack : 8.605
TNS   : 0.000

Type  : Slow 1200mV 85C Model Recovery 'clk_125M_0deg'
Slack : 3.460
TNS   : 0.000

Type  : Slow 1200mV 85C Model Recovery 'rgmii_rx_125M_clk'
Slack : 4.072
TNS   : 0.000

Type  : Slow 1200mV 85C Model Recovery 'clk'
Slack : 5.666
TNS   : 0.000

Type  : Slow 1200mV 85C Model Recovery 'da_clk'
Slack : 9.866
TNS   : 0.000

Type  : Slow 1200mV 85C Model Recovery 'clk_2'
Slack : 16.128
TNS   : 0.000

Type  : Slow 1200mV 85C Model Recovery 'clk_25M_0deg'
Slack : 35.460
TNS   : 0.000

Type  : Slow 1200mV 85C Model Recovery 'rgmii_rx_25M_clk'
Slack : 36.072
TNS   : 0.000

Type  : Slow 1200mV 85C Model Recovery 'altera_reserved_tck'
Slack : 48.158
TNS   : 0.000

Type  : Slow 1200mV 85C Model Removal 'altera_reserved_tck'
Slack : 1.246
TNS   : 0.000

Type  : Slow 1200mV 85C Model Removal 'rgmii_rx_125M_clk'
Slack : 2.390
TNS   : 0.000

Type  : Slow 1200mV 85C Model Removal 'rgmii_rx_25M_clk'
Slack : 2.390
TNS   : 0.000

Type  : Slow 1200mV 85C Model Removal 'clk_2'
Slack : 2.396
TNS   : 0.000

Type  : Slow 1200mV 85C Model Removal 'clk'
Slack : 2.699
TNS   : 0.000

Type  : Slow 1200mV 85C Model Removal 'clk_125M_0deg'
Slack : 2.704
TNS   : 0.000

Type  : Slow 1200mV 85C Model Removal 'clk_25M_0deg'
Slack : 2.704
TNS   : 0.000

Type  : Slow 1200mV 85C Model Removal 'da_clk'
Slack : 6.494
TNS   : 0.000

Type  : Slow 1200mV 85C Model Minimum Pulse Width 'rgmii_rx_125M_clk'
Slack : 3.634
TNS   : 0.000

Type  : Slow 1200mV 85C Model Minimum Pulse Width 'clk_125M_0deg'
Slack : 3.656
TNS   : 0.000

Type  : Slow 1200mV 85C Model Minimum Pulse Width 'rgmii_125_tx_clk'
Slack : 3.790
TNS   : 0.000

Type  : Slow 1200mV 85C Model Minimum Pulse Width 'clk'
Slack : 4.605
TNS   : 0.000

Type  : Slow 1200mV 85C Model Minimum Pulse Width 'CLOCK_50'
Slack : 9.683
TNS   : 0.000

Type  : Slow 1200mV 85C Model Minimum Pulse Width 'clk_2'
Slack : 9.689
TNS   : 0.000

Type  : Slow 1200mV 85C Model Minimum Pulse Width 'da_clk'
Slack : 9.697
TNS   : 0.000

Type  : Slow 1200mV 85C Model Minimum Pulse Width 'rgmii_rx_25M_clk'
Slack : 19.634
TNS   : 0.000

Type  : Slow 1200mV 85C Model Minimum Pulse Width 'clk_25M_0deg'
Slack : 19.656
TNS   : 0.000

Type  : Slow 1200mV 85C Model Minimum Pulse Width 'ad_clk'
Slack : 19.698
TNS   : 0.000

Type  : Slow 1200mV 85C Model Minimum Pulse Width 'rgmii_25_tx_clk'
Slack : 35.790
TNS   : 0.000

Type  : Slow 1200mV 85C Model Minimum Pulse Width 'altera_reserved_tck'
Slack : 49.577
TNS   : 0.000

Type  : Slow 1200mV 0C Model Setup 'rgmii_125_tx_clk'
Slack : 0.617
TNS   : 0.000

Type  : Slow 1200mV 0C Model Setup 'clk_125M_0deg'
Slack : 0.662
TNS   : 0.000

Type  : Slow 1200mV 0C Model Setup 'rgmii_rx_125M_clk'
Slack : 1.092
TNS   : 0.000

Type  : Slow 1200mV 0C Model Setup 'clk'
Slack : 2.615
TNS   : 0.000

Type  : Slow 1200mV 0C Model Setup 'ad_clk'
Slack : 3.093
TNS   : 0.000

Type  : Slow 1200mV 0C Model Setup 'clk_2'
Slack : 4.458
TNS   : 0.000

Type  : Slow 1200mV 0C Model Setup 'rgmii_25_tx_clk'
Slack : 8.617
TNS   : 0.000

Type  : Slow 1200mV 0C Model Setup 'rgmii_rx_25M_clk'
Slack : 9.092
TNS   : 0.000

Type  : Slow 1200mV 0C Model Setup 'da_clk'
Slack : 9.329
TNS   : 0.000

Type  : Slow 1200mV 0C Model Setup 'CLOCK_50'
Slack : 15.967
TNS   : 0.000

Type  : Slow 1200mV 0C Model Setup 'clk_25M_0deg'
Slack : 16.662
TNS   : 0.000

Type  : Slow 1200mV 0C Model Setup 'altera_reserved_tck'
Slack : 44.014
TNS   : 0.000

Type  : Slow 1200mV 0C Model Hold 'clk_2'
Slack : 0.265
TNS   : 0.000

Type  : Slow 1200mV 0C Model Hold 'clk'
Slack : 0.273
TNS   : 0.000

Type  : Slow 1200mV 0C Model Hold 'da_clk'
Slack : 0.281
TNS   : 0.000

Type  : Slow 1200mV 0C Model Hold 'rgmii_rx_125M_clk'
Slack : 0.285
TNS   : 0.000

Type  : Slow 1200mV 0C Model Hold 'rgmii_rx_25M_clk'
Slack : 0.285
TNS   : 0.000

Type  : Slow 1200mV 0C Model Hold 'ad_clk'
Slack : 0.351
TNS   : 0.000

Type  : Slow 1200mV 0C Model Hold 'clk_125M_0deg'
Slack : 0.353
TNS   : 0.000

Type  : Slow 1200mV 0C Model Hold 'clk_25M_0deg'
Slack : 0.353
TNS   : 0.000

Type  : Slow 1200mV 0C Model Hold 'altera_reserved_tck'
Slack : 0.354
TNS   : 0.000

Type  : Slow 1200mV 0C Model Hold 'CLOCK_50'
Slack : 0.367
TNS   : 0.000

Type  : Slow 1200mV 0C Model Hold 'rgmii_125_tx_clk'
Slack : 0.638
TNS   : 0.000

Type  : Slow 1200mV 0C Model Hold 'rgmii_25_tx_clk'
Slack : 8.638
TNS   : 0.000

Type  : Slow 1200mV 0C Model Recovery 'clk_125M_0deg'
Slack : 3.884
TNS   : 0.000

Type  : Slow 1200mV 0C Model Recovery 'rgmii_rx_125M_clk'
Slack : 4.486
TNS   : 0.000

Type  : Slow 1200mV 0C Model Recovery 'clk'
Slack : 6.077
TNS   : 0.000

Type  : Slow 1200mV 0C Model Recovery 'da_clk'
Slack : 10.787
TNS   : 0.000

Type  : Slow 1200mV 0C Model Recovery 'clk_2'
Slack : 16.527
TNS   : 0.000

Type  : Slow 1200mV 0C Model Recovery 'clk_25M_0deg'
Slack : 35.884
TNS   : 0.000

Type  : Slow 1200mV 0C Model Recovery 'rgmii_rx_25M_clk'
Slack : 36.486
TNS   : 0.000

Type  : Slow 1200mV 0C Model Recovery 'altera_reserved_tck'
Slack : 48.422
TNS   : 0.000

Type  : Slow 1200mV 0C Model Removal 'altera_reserved_tck'
Slack : 1.145
TNS   : 0.000

Type  : Slow 1200mV 0C Model Removal 'rgmii_rx_125M_clk'
Slack : 2.125
TNS   : 0.000

Type  : Slow 1200mV 0C Model Removal 'rgmii_rx_25M_clk'
Slack : 2.125
TNS   : 0.000

Type  : Slow 1200mV 0C Model Removal 'clk_2'
Slack : 2.136
TNS   : 0.000

Type  : Slow 1200mV 0C Model Removal 'clk'
Slack : 2.387
TNS   : 0.000

Type  : Slow 1200mV 0C Model Removal 'clk_125M_0deg'
Slack : 2.412
TNS   : 0.000

Type  : Slow 1200mV 0C Model Removal 'clk_25M_0deg'
Slack : 2.412
TNS   : 0.000

Type  : Slow 1200mV 0C Model Removal 'da_clk'
Slack : 5.842
TNS   : 0.000

Type  : Slow 1200mV 0C Model Minimum Pulse Width 'clk_125M_0deg'
Slack : 3.621
TNS   : 0.000

Type  : Slow 1200mV 0C Model Minimum Pulse Width 'rgmii_rx_125M_clk'
Slack : 3.651
TNS   : 0.000

Type  : Slow 1200mV 0C Model Minimum Pulse Width 'rgmii_125_tx_clk'
Slack : 3.790
TNS   : 0.000

Type  : Slow 1200mV 0C Model Minimum Pulse Width 'clk'
Slack : 4.638
TNS   : 0.000

Type  : Slow 1200mV 0C Model Minimum Pulse Width 'clk_2'
Slack : 9.679
TNS   : 0.000

Type  : Slow 1200mV 0C Model Minimum Pulse Width 'CLOCK_50'
Slack : 9.689
TNS   : 0.000

Type  : Slow 1200mV 0C Model Minimum Pulse Width 'da_clk'
Slack : 9.701
TNS   : 0.000

Type  : Slow 1200mV 0C Model Minimum Pulse Width 'clk_25M_0deg'
Slack : 19.621
TNS   : 0.000

Type  : Slow 1200mV 0C Model Minimum Pulse Width 'rgmii_rx_25M_clk'
Slack : 19.651
TNS   : 0.000

Type  : Slow 1200mV 0C Model Minimum Pulse Width 'ad_clk'
Slack : 19.702
TNS   : 0.000

Type  : Slow 1200mV 0C Model Minimum Pulse Width 'rgmii_25_tx_clk'
Slack : 35.790
TNS   : 0.000

Type  : Slow 1200mV 0C Model Minimum Pulse Width 'altera_reserved_tck'
Slack : 49.502
TNS   : 0.000

Type  : Fast 1200mV 0C Model Setup 'rgmii_125_tx_clk'
Slack : 0.709
TNS   : 0.000

Type  : Fast 1200mV 0C Model Setup 'rgmii_rx_125M_clk'
Slack : 0.928
TNS   : 0.000

Type  : Fast 1200mV 0C Model Setup 'clk_125M_0deg'
Slack : 2.116
TNS   : 0.000

Type  : Fast 1200mV 0C Model Setup 'clk'
Slack : 5.560
TNS   : 0.000

Type  : Fast 1200mV 0C Model Setup 'ad_clk'
Slack : 6.019
TNS   : 0.000

Type  : Fast 1200mV 0C Model Setup 'clk_2'
Slack : 6.748
TNS   : 0.000

Type  : Fast 1200mV 0C Model Setup 'rgmii_25_tx_clk'
Slack : 8.709
TNS   : 0.000

Type  : Fast 1200mV 0C Model Setup 'rgmii_rx_25M_clk'
Slack : 8.928
TNS   : 0.000

Type  : Fast 1200mV 0C Model Setup 'da_clk'
Slack : 13.819
TNS   : 0.000

Type  : Fast 1200mV 0C Model Setup 'CLOCK_50'
Slack : 17.822
TNS   : 0.000

Type  : Fast 1200mV 0C Model Setup 'clk_25M_0deg'
Slack : 18.116
TNS   : 0.000

Type  : Fast 1200mV 0C Model Setup 'altera_reserved_tck'
Slack : 46.636
TNS   : 0.000

Type  : Fast 1200mV 0C Model Hold 'rgmii_rx_125M_clk'
Slack : 0.092
TNS   : 0.000

Type  : Fast 1200mV 0C Model Hold 'rgmii_rx_25M_clk'
Slack : 0.092
TNS   : 0.000

Type  : Fast 1200mV 0C Model Hold 'da_clk'
Slack : 0.096
TNS   : 0.000

Type  : Fast 1200mV 0C Model Hold 'clk_2'
Slack : 0.098
TNS   : 0.000

Type  : Fast 1200mV 0C Model Hold 'clk'
Slack : 0.104
TNS   : 0.000

Type  : Fast 1200mV 0C Model Hold 'ad_clk'
Slack : 0.143
TNS   : 0.000

Type  : Fast 1200mV 0C Model Hold 'clk_125M_0deg'
Slack : 0.145
TNS   : 0.000

Type  : Fast 1200mV 0C Model Hold 'clk_25M_0deg'
Slack : 0.145
TNS   : 0.000

Type  : Fast 1200mV 0C Model Hold 'altera_reserved_tck'
Slack : 0.181
TNS   : 0.000

Type  : Fast 1200mV 0C Model Hold 'CLOCK_50'
Slack : 0.189
TNS   : 0.000

Type  : Fast 1200mV 0C Model Hold 'rgmii_125_tx_clk'
Slack : 0.797
TNS   : 0.000

Type  : Fast 1200mV 0C Model Hold 'rgmii_25_tx_clk'
Slack : 8.797
TNS   : 0.000

Type  : Fast 1200mV 0C Model Recovery 'clk_125M_0deg'
Slack : 5.630
TNS   : 0.000

Type  : Fast 1200mV 0C Model Recovery 'rgmii_rx_125M_clk'
Slack : 5.899
TNS   : 0.000

Type  : Fast 1200mV 0C Model Recovery 'clk'
Slack : 7.694
TNS   : 0.000

Type  : Fast 1200mV 0C Model Recovery 'da_clk'
Slack : 14.494
TNS   : 0.000

Type  : Fast 1200mV 0C Model Recovery 'clk_2'
Slack : 17.935
TNS   : 0.000

Type  : Fast 1200mV 0C Model Recovery 'clk_25M_0deg'
Slack : 37.630
TNS   : 0.000

Type  : Fast 1200mV 0C Model Recovery 'rgmii_rx_25M_clk'
Slack : 37.899
TNS   : 0.000

Type  : Fast 1200mV 0C Model Recovery 'altera_reserved_tck'
Slack : 49.286
TNS   : 0.000

Type  : Fast 1200mV 0C Model Removal 'altera_reserved_tck'
Slack : 0.582
TNS   : 0.000

Type  : Fast 1200mV 0C Model Removal 'clk_2'
Slack : 1.268
TNS   : 0.000

Type  : Fast 1200mV 0C Model Removal 'rgmii_rx_125M_clk'
Slack : 1.276
TNS   : 0.000

Type  : Fast 1200mV 0C Model Removal 'rgmii_rx_25M_clk'
Slack : 1.276
TNS   : 0.000

Type  : Fast 1200mV 0C Model Removal 'clk'
Slack : 1.419
TNS   : 0.000

Type  : Fast 1200mV 0C Model Removal 'clk_125M_0deg'
Slack : 1.429
TNS   : 0.000

Type  : Fast 1200mV 0C Model Removal 'clk_25M_0deg'
Slack : 1.429
TNS   : 0.000

Type  : Fast 1200mV 0C Model Removal 'da_clk'
Slack : 3.234
TNS   : 0.000

Type  : Fast 1200mV 0C Model Minimum Pulse Width 'rgmii_rx_125M_clk'
Slack : 3.377
TNS   : 0.000

Type  : Fast 1200mV 0C Model Minimum Pulse Width 'clk_125M_0deg'
Slack : 3.715
TNS   : 0.000

Type  : Fast 1200mV 0C Model Minimum Pulse Width 'rgmii_125_tx_clk'
Slack : 4.000
TNS   : 0.000

Type  : Fast 1200mV 0C Model Minimum Pulse Width 'clk'
Slack : 4.758
TNS   : 0.000

Type  : Fast 1200mV 0C Model Minimum Pulse Width 'CLOCK_50'
Slack : 9.266
TNS   : 0.000

Type  : Fast 1200mV 0C Model Minimum Pulse Width 'da_clk'
Slack : 9.757
TNS   : 0.000

Type  : Fast 1200mV 0C Model Minimum Pulse Width 'clk_2'
Slack : 9.758
TNS   : 0.000

Type  : Fast 1200mV 0C Model Minimum Pulse Width 'rgmii_rx_25M_clk'
Slack : 19.377
TNS   : 0.000

Type  : Fast 1200mV 0C Model Minimum Pulse Width 'clk_25M_0deg'
Slack : 19.715
TNS   : 0.000

Type  : Fast 1200mV 0C Model Minimum Pulse Width 'ad_clk'
Slack : 19.760
TNS   : 0.000

Type  : Fast 1200mV 0C Model Minimum Pulse Width 'rgmii_25_tx_clk'
Slack : 36.000
TNS   : 0.000

Type  : Fast 1200mV 0C Model Minimum Pulse Width 'altera_reserved_tck'
Slack : 49.457
TNS   : 0.000

------------------------------------------------------------
